D:/Tatsu/Documents/MotorControl_Workbench/AsatsuyuDrive_PositionControl_octopus/Src/main.c:209:6:SystemClock_Config	5
D:/Tatsu/Documents/MotorControl_Workbench/AsatsuyuDrive_PositionControl_octopus/Src/main.c:1154:6:Stop	1
D:/Tatsu/Documents/MotorControl_Workbench/AsatsuyuDrive_PositionControl_octopus/Src/main.c:1160:6:HAL_FDCAN_RxFifo0Callback	22
D:/Tatsu/Documents/MotorControl_Workbench/AsatsuyuDrive_PositionControl_octopus/Src/main.c:1219:6:Motor_Init	3
D:/Tatsu/Documents/MotorControl_Workbench/AsatsuyuDrive_PositionControl_octopus/Src/main.c:1231:6:Send_CAN	4
D:/Tatsu/Documents/MotorControl_Workbench/AsatsuyuDrive_PositionControl_octopus/Src/main.c:1249:6:HAL_TIM_PeriodElapsedCallback	5
D:/Tatsu/Documents/MotorControl_Workbench/AsatsuyuDrive_PositionControl_octopus/Src/main.c:1268:6:Error_Handler	2
D:/Tatsu/Documents/MotorControl_Workbench/AsatsuyuDrive_PositionControl_octopus/Src/main.c:129:5:main	47
