D:/Tatsu/Documents/MotorControl_Workbench/AsatsuyuDrive_PositionControl_octopus/Src/main.c:209:6:SystemClock_Config	88	static
D:/Tatsu/Documents/MotorControl_Workbench/AsatsuyuDrive_PositionControl_octopus/Src/main.c:1154:6:Stop	8	static
D:/Tatsu/Documents/MotorControl_Workbench/AsatsuyuDrive_PositionControl_octopus/Src/main.c:1160:6:HAL_FDCAN_RxFifo0Callback	104	static
D:/Tatsu/Documents/MotorControl_Workbench/AsatsuyuDrive_PositionControl_octopus/Src/main.c:1219:6:Motor_Init	8	static
D:/Tatsu/Documents/MotorControl_Workbench/AsatsuyuDrive_PositionControl_octopus/Src/main.c:1231:6:Send_CAN	56	static
D:/Tatsu/Documents/MotorControl_Workbench/AsatsuyuDrive_PositionControl_octopus/Src/main.c:1249:6:HAL_TIM_PeriodElapsedCallback	24	static
D:/Tatsu/Documents/MotorControl_Workbench/AsatsuyuDrive_PositionControl_octopus/Src/main.c:1268:6:Error_Handler	8	static
D:/Tatsu/Documents/MotorControl_Workbench/AsatsuyuDrive_PositionControl_octopus/Src/main.c:129:5:main	168	static
