D:/Tatsu/Documents/MotorControl_Workbench/AsatsuyuDrive_PositionControl_octopus/Src/stm32g4xx_mc_it.c:83:6:ADC1_2_IRQHandler	0	static
D:/Tatsu/Documents/MotorControl_Workbench/AsatsuyuDrive_PositionControl_octopus/Src/stm32g4xx_mc_it.c:115:6:TIM1_UP_TIM16_IRQHandler	0	static
D:/Tatsu/Documents/MotorControl_Workbench/AsatsuyuDrive_PositionControl_octopus/Src/stm32g4xx_mc_it.c:128:6:TIM1_BRK_TIM15_IRQHandler	8	static
D:/Tatsu/Documents/MotorControl_Workbench/AsatsuyuDrive_PositionControl_octopus/Src/stm32g4xx_mc_it.c:164:6:TIM4_IRQHandler	0	static
D:/Tatsu/Documents/MotorControl_Workbench/AsatsuyuDrive_PositionControl_octopus/Src/stm32g4xx_mc_it.c:198:6:DMA1_Channel1_IRQHandler	0	static
D:/Tatsu/Documents/MotorControl_Workbench/AsatsuyuDrive_PositionControl_octopus/Src/stm32g4xx_mc_it.c:226:6:USART2_IRQHandler	8	static,ignoring_inline_asm
D:/Tatsu/Documents/MotorControl_Workbench/AsatsuyuDrive_PositionControl_octopus/Src/stm32g4xx_mc_it.c:300:6:HardFault_Handler	8	static
D:/Tatsu/Documents/MotorControl_Workbench/AsatsuyuDrive_PositionControl_octopus/Src/stm32g4xx_mc_it.c:318:6:SysTick_Handler	8	static
D:/Tatsu/Documents/MotorControl_Workbench/AsatsuyuDrive_PositionControl_octopus/Src/stm32g4xx_mc_it.c:347:6:EXTI15_10_IRQHandler	0	static
D:/Tatsu/Documents/MotorControl_Workbench/AsatsuyuDrive_PositionControl_octopus/Src/stm32g4xx_mc_it.c:365:6:EXTI9_5_IRQHandler	0	static
